// Jest Snapshot v1, https://jestjs.io/docs/snapshot-testing

exports[`parses crontab file correctly 1`] = `
[
  {
    "identifier": "simple",
    "match": [Function],
    "options": {
      "backfillPeriod": 0,
      "jobKey": undefined,
      "jobKeyMode": undefined,
      "maxAttempts": undefined,
      "priority": undefined,
      "queueName": undefined,
    },
    "payload": null,
    "task": "simple",
    Symbol(isParsed): true,
  },
  {
    "identifier": "every_day_at_4_am",
    "match": [Function],
    "options": {
      "backfillPeriod": 0,
      "jobKey": undefined,
      "jobKeyMode": undefined,
      "maxAttempts": undefined,
      "priority": undefined,
      "queueName": undefined,
    },
    "payload": null,
    "task": "every_day_at_4_am",
    Symbol(isParsed): true,
  },
  {
    "identifier": "every_sunday_at_4_am",
    "match": [Function],
    "options": {
      "backfillPeriod": 0,
      "jobKey": undefined,
      "jobKeyMode": undefined,
      "maxAttempts": undefined,
      "priority": undefined,
      "queueName": undefined,
    },
    "payload": null,
    "task": "every_sunday_at_4_am",
    Symbol(isParsed): true,
  },
  {
    "identifier": "sunday_7",
    "match": [Function],
    "options": {
      "backfillPeriod": 0,
      "jobKey": undefined,
      "jobKeyMode": undefined,
      "maxAttempts": undefined,
      "priority": undefined,
      "queueName": undefined,
    },
    "payload": null,
    "task": "every_sunday_at_4_am",
    Symbol(isParsed): true,
  },
  {
    "identifier": "every_tuesday_at_4_am",
    "match": [Function],
    "options": {
      "backfillPeriod": 0,
      "jobKey": undefined,
      "jobKeyMode": undefined,
      "maxAttempts": undefined,
      "priority": undefined,
      "queueName": undefined,
    },
    "payload": {
      "isTuesday": true,
    },
    "task": "every_tuesday_at_4_am",
    Symbol(isParsed): true,
  },
  {
    "identifier": "stuff",
    "match": [Function],
    "options": {
      "backfillPeriod": 2685660000,
      "jobKey": undefined,
      "jobKeyMode": undefined,
      "maxAttempts": 3,
      "priority": 3,
      "queueName": "my_queue",
    },
    "payload": {
      "myExtraPayload": {
        "stuff": "here with # hash char",
      },
    },
    "task": "one",
    Symbol(isParsed): true,
  },
  {
    "identifier": "lots_of_spaces",
    "match": [Function],
    "options": {
      "backfillPeriod": 0,
      "jobKey": undefined,
      "jobKeyMode": undefined,
      "maxAttempts": undefined,
      "priority": undefined,
      "queueName": undefined,
    },
    "payload": null,
    "task": "lots_of_spaces",
    Symbol(isParsed): true,
  },
  {
    "identifier": "with_key",
    "match": [Function],
    "options": {
      "backfillPeriod": 0,
      "jobKey": "my_key",
      "jobKeyMode": "replace",
      "maxAttempts": undefined,
      "priority": undefined,
      "queueName": undefined,
    },
    "payload": null,
    "task": "with_key",
    Symbol(isParsed): true,
  },
  {
    "identifier": "with_key_and_mode",
    "match": [Function],
    "options": {
      "backfillPeriod": 0,
      "jobKey": "my_key",
      "jobKeyMode": "preserve_run_at",
      "maxAttempts": undefined,
      "priority": undefined,
      "queueName": undefined,
    },
    "payload": null,
    "task": "with_key_and_mode",
    Symbol(isParsed): true,
  },
  {
    "identifier": "nested/task",
    "match": [Function],
    "options": {
      "backfillPeriod": 0,
      "jobKey": "my_key",
      "jobKeyMode": "preserve_run_at",
      "maxAttempts": undefined,
      "priority": undefined,
      "queueName": undefined,
    },
    "payload": null,
    "task": "nested/task",
    Symbol(isParsed): true,
  },
  {
    "identifier": "nested/folder/task",
    "match": [Function],
    "options": {
      "backfillPeriod": 0,
      "jobKey": "my_key",
      "jobKeyMode": "preserve_run_at",
      "maxAttempts": undefined,
      "priority": undefined,
      "queueName": undefined,
    },
    "payload": null,
    "task": "nested/folder/task",
    Symbol(isParsed): true,
  },
]
`;
